[2026/08/06 07:06:56]--------------------------------------------------
post:Array
(
    [place_match_no] => 1
    [mode] => update_match
    [end_match] => 1
    [player1_id] => 3329
    [player2_id] => 9217
    [faul1_1] => 0
    [faul1_2] => 0
    [waza1_1] => 0
    [waza1_2] => 0
    [waza1_3] => 0
    [faul2_1] => 0
    [faul2_2] => 0
    [waza2_1] => 0
    [waza2_2] => 0
    [waza2_3] => 0
    [match_time] => 
    [end01] => 対戦終了
)
get:Array
(
    [a] => 0
    [s] => 60
    [t] => 2
    [m] => 1
)
session:Array
(
    [auth_input] => Array
        (
            [login] => 1
            [navi_id] => 10
            [place] => 2
            [admin] => 0
            [series] => 60
            [series_info_id] => 30
        )

    [auth] => Array
        (
            [year] => 2026
            [series_info_id] => 30
        )

)

server:Array
(
    [USER] => apache
    [HOME] => /usr/share/httpd
    [SCRIPT_NAME] => /input/kojin_result.php
    [REQUEST_URI] => /input/kojin_result.php?a=0&s=60&t=2&m=1
    [QUERY_STRING] => a=0&s=60&t=2&m=1
    [REQUEST_METHOD] => POST
    [SERVER_PROTOCOL] => HTTP/1.1
    [GATEWAY_INTERFACE] => CGI/1.1
    [REMOTE_PORT] => 49711
    [SCRIPT_FILENAME] => /var/www/kendo-server/input/kojin_result.php
    [SERVER_ADMIN] => root@localhost
    [CONTEXT_DOCUMENT_ROOT] => /var/www/kendo-server
    [CONTEXT_PREFIX] => 
    [REQUEST_SCHEME] => http
    [DOCUMENT_ROOT] => /var/www/kendo-server
    [REMOTE_ADDR] => 192.168.0.59
    [SERVER_PORT] => 80
    [SERVER_ADDR] => 192.168.0.126
    [SERVER_NAME] => 192.168.0.126
    [SERVER_SOFTWARE] => Apache/2.4.64 (Fedora Linux)
    [SERVER_SIGNATURE] => 
    [PATH] => /usr/local/bin:/usr/bin
    [HTTP_COOKIE] => PHPSESSID=2e574e43d66a1cb98b20470f34c98ced
    [HTTP_ACCEPT_LANGUAGE] => ja,en-US;q=0.9,en;q=0.8
    [HTTP_ACCEPT_ENCODING] => gzip, deflate
    [HTTP_REFERER] => http://192.168.0.126/input/kojin_result.php?a=0&m=1
    [HTTP_ACCEPT] => text/html,application/xhtml+xml,application/xml;q=0.9,image/avif,image/webp,image/apng,*/*;q=0.8,application/signed-exchange;v=b3;q=0.7
    [HTTP_ORIGIN] => http://192.168.0.126
    [HTTP_USER_AGENT] => Mozilla/5.0 (Windows NT 10.0; Win64; x64) AppleWebKit/537.36 (KHTML, like Gecko) Chrome/150.0.0.0 Safari/537.36
    [CONTENT_TYPE] => application/x-www-form-urlencoded
    [HTTP_UPGRADE_INSECURE_REQUESTS] => 1
    [HTTP_CACHE_CONTROL] => max-age=0
    [CONTENT_LENGTH] => 233
    [HTTP_CONNECTION] => close
    [HTTP_HOST] => 192.168.0.126
    [proxy-nokeepalive] => 1
    [UNIQUE_ID] => anQykAciw_tXKHzPtMkvuQAAAII
    [FCGI_ROLE] => RESPONDER
    [PHP_SELF] => /input/kojin_result.php
    [REQUEST_TIME_FLOAT] => 1786000016.5018
    [REQUEST_TIME] => 1786000016
)

[2026/08/06 23:46:25]--------------------------------------------------
post:Array
(
    [place_match_no] => 1
    [mode] => update_match
    [end_match] => 0
    [player1_id] => 39169
    [player2_id] => 4097
    [faul1_1] => 0
    [faul1_2] => 0
    [waza1_1] => 1
    [waza1_2] => 2
    [waza1_3] => 0
    [faul2_1] => 0
    [faul2_2] => 0
    [waza2_3] => 0
    [match_time] => 
    [end01] => 対戦終了
)
get:Array
(
    [a] => 0
    [s] => 60
    [t] => 2
    [m] => 1
)
session:Array
(
    [auth_input] => Array
        (
            [login] => 1
            [navi_id] => 10
            [place] => 1
            [admin] => 0
            [series] => 60
            [series_info_id] => 30
        )

    [auth] => Array
        (
            [year] => 2026
            [series_info_id] => 30
        )

)

server:Array
(
    [USER] => apache
    [HOME] => /usr/share/httpd
    [SCRIPT_NAME] => /input/kojin_result.php
    [REQUEST_URI] => /input/kojin_result.php?a=0&s=60&t=2&m=1
    [QUERY_STRING] => a=0&s=60&t=2&m=1
    [REQUEST_METHOD] => POST
    [SERVER_PROTOCOL] => HTTP/1.1
    [GATEWAY_INTERFACE] => CGI/1.1
    [REMOTE_PORT] => 54114
    [SCRIPT_FILENAME] => /var/www/kendo-server/input/kojin_result.php
    [SERVER_ADMIN] => root@localhost
    [CONTEXT_DOCUMENT_ROOT] => /var/www/kendo-server
    [CONTEXT_PREFIX] => 
    [REQUEST_SCHEME] => http
    [DOCUMENT_ROOT] => /var/www/kendo-server
    [REMOTE_ADDR] => 192.168.0.83
    [SERVER_PORT] => 80
    [SERVER_ADDR] => 192.168.0.126
    [SERVER_NAME] => 192.168.0.126
    [SERVER_SOFTWARE] => Apache/2.4.64 (Fedora Linux)
    [SERVER_SIGNATURE] => 
    [PATH] => /usr/local/bin:/usr/bin
    [HTTP_COOKIE] => PHPSESSID=1d7751787eac36f774e1803289b7bc62
    [HTTP_ACCEPT_LANGUAGE] => ja,en-US;q=0.9,en;q=0.8
    [HTTP_ACCEPT_ENCODING] => gzip, deflate
    [HTTP_REFERER] => http://192.168.0.126/input/kojin_result.php?m=1
    [HTTP_ACCEPT] => text/html,application/xhtml+xml,application/xml;q=0.9,image/avif,image/webp,image/apng,*/*;q=0.8,application/signed-exchange;v=b3;q=0.7
    [HTTP_ORIGIN] => http://192.168.0.126
    [HTTP_USER_AGENT] => Mozilla/5.0 (Windows NT 10.0; Win64; x64) AppleWebKit/537.36 (KHTML, like Gecko) Chrome/150.0.0.0 Safari/537.36
    [CONTENT_TYPE] => application/x-www-form-urlencoded
    [HTTP_UPGRADE_INSECURE_REQUESTS] => 1
    [HTTP_CACHE_CONTROL] => max-age=0
    [CONTENT_LENGTH] => 214
    [HTTP_CONNECTION] => close
    [HTTP_HOST] => 192.168.0.126
    [proxy-nokeepalive] => 1
    [UNIQUE_ID] => anUc0SCYxuO18IWCWg459gAAAM4
    [FCGI_ROLE] => RESPONDER
    [PHP_SELF] => /input/kojin_result.php
    [REQUEST_TIME_FLOAT] => 1786059985.446
    [REQUEST_TIME] => 1786059985
)

